// Jest Snapshot v1, https://goo.gl/fbAQLP

exports[`Homepage renders compnent tree correctly 1`] = `
<div>
  <main
    className="sghi_container"
  >
    <nav
      className="navbar sticky-top navbar-expand-lg navbar-light bg-light w-100"
      id="navbar"
    >
      <div
        className="container"
      >
        <a
          className="navbar-brand"
          href="/"
        >
          <div
            style={
              Object {
                "boxSizing": "border-box",
                "display": "inline-block",
                "margin": 0,
                "maxWidth": "100%",
                "overflow": "hidden",
                "position": "relative",
              }
            }
          >
            <div
              style={
                Object {
                  "boxSizing": "border-box",
                  "display": "block",
                  "maxWidth": "100%",
                }
              }
            >
              <img
                alt=""
                aria-hidden={true}
                role="presentation"
                src="data:image/svg+xml;base64,PHN2ZyB3aWR0aD0iMTUwIiBoZWlnaHQ9IjgwIiB4bWxucz0iaHR0cDovL3d3dy53My5vcmcvMjAwMC9zdmciIHZlcnNpb249IjEuMSIvPg=="
                style={
                  Object {
                    "border": "none",
                    "display": "block",
                    "margin": 0,
                    "maxWidth": "100%",
                    "padding": 0,
                  }
                }
              />
            </div>
            <img
              alt="Brand Logo"
              decoding="async"
              src="data:image/gif;base64,R0lGODlhAQABAIAAAAAAAP///yH5BAEAAAAALAAAAAABAAEAAAIBRAA7"
              style={
                Object {
                  "border": "none",
                  "bottom": 0,
                  "boxSizing": "border-box",
                  "display": "block",
                  "height": 0,
                  "left": 0,
                  "margin": "auto",
                  "maxHeight": "100%",
                  "maxWidth": "100%",
                  "minHeight": "100%",
                  "minWidth": "100%",
                  "objectFit": undefined,
                  "objectPosition": undefined,
                  "padding": 0,
                  "position": "absolute",
                  "right": 0,
                  "top": 0,
                  "visibility": "hidden",
                  "width": 0,
                }
              }
            />
          </div>
        </a>
        <button
          aria-controls="navbarSupportedContent"
          aria-expanded="false"
          aria-label="Toggle navigation"
          className="navbar-toggler"
          data-mdb-target="#navbarSupportedContent"
          data-mdb-toggle="collapse"
          type="button"
        >
          <i
            className="fas fa-bars"
          />
        </button>
        <div
          className="collapse navbar-collapse text-center menu-links"
          id="navbarSupportedContent"
        >
          <ul
            className="navbar-nav ms-auto mx-auto mb-2 mb-lg-0"
          >
            <li
              className="nav-item"
            >
              <a
                aria-current="page"
                className="nav-link active"
                href="/"
              >
                Home
              </a>
            </li>
            <li
              className="nav-item"
            >
              <div
                className="nav-link"
              >
                <a
                  href="/#our-story"
                  onClick={[Function]}
                  onMouseEnter={[Function]}
                >
                  Our Story
                </a>
              </div>
            </li>
            <li
              className="nav-item"
            >
              <div
                className="nav-link"
              >
                <a
                  href="/#our-work"
                  onClick={[Function]}
                  onMouseEnter={[Function]}
                >
                  Our Work
                </a>
              </div>
            </li>
            <li
              className="nav-item"
            >
              <div
                className="nav-link"
              >
                <a
                  href="/#dna"
                  onClick={[Function]}
                  onMouseEnter={[Function]}
                >
                  Our DNA
                </a>
              </div>
            </li>
            <li
              className="nav-item"
            >
              <div
                className="nav-link"
              >
                <a
                  href="/#partners"
                  onClick={[Function]}
                  onMouseEnter={[Function]}
                >
                  Partners
                </a>
              </div>
            </li>
            <li
              className="nav-item"
            >
              <div
                className="nav-link"
              >
                <a
                  href="/products"
                  onClick={[Function]}
                  onMouseEnter={[Function]}
                >
                  Products
                </a>
              </div>
            </li>
            <li
              className="nav-item"
            >
              <div
                className="nav-link"
              >
                <a
                  href="/team"
                  onClick={[Function]}
                  onMouseEnter={[Function]}
                >
                  Teams
                </a>
              </div>
            </li>
            <li
              className="nav-item"
            >
              <div
                className="nav-link"
              >
                <a
                  href="/contact"
                  onClick={[Function]}
                  onMouseEnter={[Function]}
                >
                  Contact
                </a>
              </div>
            </li>
          </ul>
        </div>
      </div>
    </nav>
    <div
      id="hero"
    >
      <div>
        <h1
          className="hero_title"
        >
          1.2 BN Africans lack access to quality healthcare.
        </h1>
        <p
          className="hero_subtitle"
        >
          We are making a difference 
        </p>
        <button
          aria-label="Hero Call to action Button"
          className="hero_cta"
          onClick={[Function]}
          onMouseEnter={[Function]}
        >
          Learn More
        </button>
      </div>
    </div>
    <div
      className="container"
    >
      <div
        className="container"
        id="our-story"
      >
        <div>
          <div />
          <div />
        </div>
      </div>
      <div>
        <div>
          <div
            className="row align-items-center set_gutters"
          >
            <div
              className="col-sm-12 col-md-7"
            />
            <div
              className="col-sm-12 col-md-5"
            />
          </div>
        </div>
      </div>
      <div
        className="container"
        id="our-story"
      >
        <div>
          <div />
          <div />
        </div>
      </div>
      <div
        id="our-work"
      >
        <div
          className="container"
        >
          <div
            className="row align-items-center set_gutters"
          >
            <div
              className="col-sm-12 col-md-12 text-center"
            >
              <p>
                Our 
                <span>
                  Work
                </span>
              </p>
              <p>
                Regions where SGHI has experts and have done relevant work
              </p>
              <div>
                <button
                  aria-label="Read More Button"
                  className="btn btn-secondary btn-rounded text-capitalize px-5"
                >
                  Read More
                </button>
              </div>
            </div>
            <div
              className="col-sm-12 col-md-12 py-5"
            >
              <div>
                Loading Map...
              </div>
            </div>
          </div>
        </div>
      </div>
      <div
        id="dna"
      >
        <div
          className="container"
        >
          <div>
            <div
              className="row"
            >
              <div
                className="col-sm-12 col-md-6 py-3"
              />
              <div
                className="col-sm-12 col-md-6 py-3"
              />
              <div
                className="col-sm-12 col-md-6 py-3"
              />
              <div
                className="col-sm-12 col-md-6 py-3"
              />
            </div>
          </div>
        </div>
      </div>
      <div
        className="container py-5"
        id="partners"
      >
        <div
          className="row"
        >
          <div
            className="col-12"
          >
            <p>
              Our 
              <strong>
                 Partners
              </strong>
            </p>
          </div>
        </div>
        <div>
          <div
            className="card"
          >
            <img
              alt="USAID Logo"
              src="/images/partners/usaid.svg"
            />
          </div>
          <div
            className="card"
          >
            <img
              alt="The World Bank Logo"
              src="/images/partners/worldBankLogo.svg"
            />
          </div>
          <div
            className="card"
          >
            <img
              alt="Bill and Melinda Gates Foundation Logo"
              src="/images/partners/bamgFoundation.svg"
            />
          </div>
          <div
            className="card"
          >
            <img
              alt="Grand Challenges Canada Logo"
              src="/images/partners/grandChallengesCanada.svg"
            />
          </div>
          <div
            className="card"
          >
            <img
              alt="SDG Philanthropy Platform Logo"
              src="/images/partners/sdgPhilanthropyPlatform.svg"
            />
          </div>
          <div
            className="card"
          >
            <img
              alt="MasterCard Foundation Logo"
              src="/images/partners/mcf.svg"
            />
          </div>
          <div
            className="card"
          >
            <img
              alt="AstraZeneca Logo"
              src="/images/partners/astraZeneca.svg"
            />
          </div>
          <div
            className="card"
          >
            <img
              alt="Wellcome Trust Logo"
              src="/images/partners/wellcomeTrust.svg"
            />
          </div>
        </div>
      </div>
    </div>
  </main>
  <div>
    <footer
      className="text-white text-center text-lg-start"
    >
      <div
        className="container p-4"
      >
        <div
          className="row"
        >
          <div
            className="col-lg-5 col-md-12 mb-4 mb-md-0 p-3"
          >
            <div>
              <div>
                <div
                  style={
                    Object {
                      "boxSizing": "border-box",
                      "display": "inline-block",
                      "margin": 0,
                      "maxWidth": "100%",
                      "overflow": "hidden",
                      "position": "relative",
                    }
                  }
                >
                  <div
                    style={
                      Object {
                        "boxSizing": "border-box",
                        "display": "block",
                        "maxWidth": "100%",
                      }
                    }
                  >
                    <img
                      alt=""
                      aria-hidden={true}
                      role="presentation"
                      src="data:image/svg+xml;base64,PHN2ZyB3aWR0aD0iMjAwIiBoZWlnaHQ9IjEwMCIgeG1sbnM9Imh0dHA6Ly93d3cudzMub3JnLzIwMDAvc3ZnIiB2ZXJzaW9uPSIxLjEiLz4="
                      style={
                        Object {
                          "border": "none",
                          "display": "block",
                          "margin": 0,
                          "maxWidth": "100%",
                          "padding": 0,
                        }
                      }
                    />
                  </div>
                  <img
                    alt="Brand Logo"
                    decoding="async"
                    src="data:image/gif;base64,R0lGODlhAQABAIAAAAAAAP///yH5BAEAAAAALAAAAAABAAEAAAIBRAA7"
                    style={
                      Object {
                        "border": "none",
                        "bottom": 0,
                        "boxSizing": "border-box",
                        "display": "block",
                        "height": 0,
                        "left": 0,
                        "margin": "auto",
                        "maxHeight": "100%",
                        "maxWidth": "100%",
                        "minHeight": "100%",
                        "minWidth": "100%",
                        "objectFit": undefined,
                        "objectPosition": undefined,
                        "padding": 0,
                        "position": "absolute",
                        "right": 0,
                        "top": 0,
                        "visibility": "hidden",
                        "width": 0,
                      }
                    }
                  />
                </div>
              </div>
              <p>
                About the SGHI
              </p>
              <p>
                SGHI is a development ecosystem builder and optimizer that supports philanthropy and community effort to leverage investment and deliver lasting impact
              </p>
            </div>
          </div>
          <div
            className="col-lg-2 col-md-6 mb-4 mb-md-0 pt-5 p-3"
          >
            <div>
              <p>
                Additional links
              </p>
              <ul>
                <li>
                  <a
                    href="/"
                    onClick={[Function]}
                    onMouseEnter={[Function]}
                  >
                    Services
                  </a>
                </li>
                <li>
                  <a
                    href="/"
                    onClick={[Function]}
                    onMouseEnter={[Function]}
                  >
                    Contact us
                  </a>
                </li>
                <li>
                  <a
                    href="/"
                    onClick={[Function]}
                    onMouseEnter={[Function]}
                  >
                    Why we exist
                  </a>
                </li>
                <li>
                  <a
                    href="/"
                    onClick={[Function]}
                    onMouseEnter={[Function]}
                  >
                    SGHI MISSION AND VISION
                  </a>
                </li>
              </ul>
            </div>
          </div>
          <div
            className="col-lg-5 col-md-6 col-sm-12 mb-4 mb-md-0 pt-5 ml-5"
          >
            <div>
              <p>
                Latest tweets
              </p>
              <ul>
                <li>
                  <div
                    className="row"
                  >
                    <div
                      className="col-2"
                    >
                      <i
                        className="fab fa-twitter"
                      />
                    </div>
                    <div
                      className="col-10"
                    >
                      <a
                        href="/"
                        onClick={[Function]}
                        onMouseEnter={[Function]}
                      >
                        RT @wpklik: Here is our selection of 20 #Worldrevolutionaries @edgethemes @selectthemes @mi…
                      </a>
                    </div>
                  </div>
                </li>
                <li>
                  <div
                    className="row"
                  >
                    <div
                      className="col-2"
                    >
                      <i
                        className="fab fa-twitter"
                      />
                    </div>
                    <div
                      className="col-10"
                    >
                      <a
                        href="/"
                        onClick={[Function]}
                        onMouseEnter={[Function]}
                      >
                        RT @wpklik: Here is our selection of 20 #Worldrevolutionaries @edgethemes @selectthemes @mi…
                      </a>
                    </div>
                  </div>
                </li>
              </ul>
            </div>
          </div>
          <div
            className="col-lg-5 col-md-6 mb-4 mb-md-0"
          >
            <div>
              <p>
                Connect with us
              </p>
              <div>
                <div
                  className="row"
                >
                  <div
                    className="col-1 mx-2"
                  >
                    <a
                      aria-label="LinkedIn"
                      href="https://www.linkedin.com/company/savannahglobalhealth"
                      rel="noopener noreferrer"
                      target="_blank"
                    >
                      <i
                        className="fab fa-linkedin-in fa-2x"
                      />
                    </a>
                  </div>
                  <div
                    className="col-1 mx-2"
                  >
                    <a
                      aria-label="Twitter"
                      href="https://twitter.com/SGHI76989573"
                      rel="noopener noreferrer"
                      target="_blank"
                    >
                      <i
                        className="fab fa-twitter fa-2x"
                      />
                    </a>
                  </div>
                  <div
                    className="col-1 mx-2"
                  >
                    <a
                      aria-label="Facebook"
                      href="https://fb.me/SavannahGlobalHealth"
                      rel="noopener noreferrer"
                      target="_blank"
                    >
                      <i
                        className="fab fa-facebook-f fa-2x"
                      />
                    </a>
                  </div>
                </div>
              </div>
            </div>
          </div>
        </div>
      </div>
    </footer>
  </div>
</div>
`;
